// Jest Snapshot v1, https://goo.gl/fbAQLP

exports[`log check log variables should attach [WDS] prefix 1`] = `"[WDS] test!!"`;

exports[`log check setLogLevel should output exception log when the level is unknown 1`] = `"Unknown clientLogLevel 'foo'"`;

exports[`log check setLogLevel should set log levels 1`] = `
Array [
  Array [
    "info",
  ],
  Array [
    "warn",
  ],
  Array [
    "error",
  ],
  Array [
    "debug",
  ],
  Array [
    "trace",
  ],
  Array [
    "warn",
  ],
]
`;
