// Jest Snapshot v1, https://goo.gl/fbAQLP

exports[`reloadApp should run hot 1`] = `"[WDS] App hot update..."`;

exports[`reloadApp should run hot 2`] = `"webpackHotUpdate"`;

exports[`reloadApp should run hot 3`] = `
Array [
  "webpackHotUpdatehash",
  "*",
]
`;

exports[`reloadApp should run liveReload when protocol is about: 1`] = `"[WDS] App updated. Reloading..."`;

exports[`reloadApp should run liveReload when protocol is http: 1`] = `"[WDS] App updated. Reloading..."`;
